// Jest Snapshot v1, https://goo.gl/fbAQLP

exports[`User component renders User 1`] = `
<DocumentFragment>
  <div
    data-testid="user-div"
  >
    <h2 />
    <h3>
      Followers: 
    </h3>
    <h3>
      Following: 
    </h3>
    <a>
      Github Link: 
    </a>
  </div>
</DocumentFragment>
`;
